../Core/Src/main.c:70:6:Stop_Caution	8	static
../Core/Src/main.c:74:6:Start_Caution	8	static
../Core/Src/main.c:80:6:send_Str	16	static
../Core/Src/main.c:84:6:uart_printf	144	static
../Core/Src/main.c:105:5:main	24	static
../Core/Src/main.c:181:6:SystemClock_Config	88	static
../Core/Src/main.c:227:13:MX_ADC1_Init	24	static
../Core/Src/main.c:301:13:MX_USART6_UART_Init	8	static
../Core/Src/main.c:335:13:MX_GPIO_Init	24	static
../Core/Src/main.c:355:6:set_up	56	static
../Core/Src/main.c:399:6:EXTI2_IRQHandler	8	static
../Core/Src/main.c:409:6:HAL_UART_RxCpltCallback	16	static
../Core/Src/main.c:442:6:Error_Handler	4	static,ignoring_inline_asm
